test: database.test.ts: unexpected operator
